// Jest Snapshot v1, https://goo.gl/fbAQLP

exports[`Creating hooks should support fallbacks 1`] = `
":root {
    --position-sticky:;
    --width-min-content:;
    --minWidth-min-content:;
}

@supports (position:-webkit-sticky) {
    :root {
        --position-sticky: -webkit-sticky
    }
}

@supports (position:sticky) {
    :root {
        --position-sticky: sticky
    }
}

@supports (width:-webkit-min-content) {
    :root {
        --width-min-content: -webkit-min-content
    }
}

@supports (min-width:-webkit-min-content) {
    :root {
        --minWidth-min-content: -webkit-min-content
    }
}

@supports (width:min-content) {
    :root {
        --width-min-content: min-content
    }
}

@supports (min-width:min-content) {
    :root {
        --minWidth-min-content: min-content
    }
}

* {
    --zh6im6-0: initial;
    --zh6im6-1: ;
}

:hover {
    --zh6im6-0: ;--zh6im6-1:initial;
}"
`;

exports[`Creating hooks should support fallbacks 2`] = `
{
  "appearance": "var(--zh6im6-1, button) var(--zh6im6-0, none)",
  "color": "red",
  "minWidth": "var(--minWidth-min-content)",
  "position": "var(--zh6im6-1, absolute) var(--zh6im6-0, var(--position-sticky))",
  "width": "var(--zh6im6-1, auto) var(--zh6im6-0, var(--width-min-content))",
}
`;

exports[`Creating hooks should support keyframes 1`] = `
"@keyframes fadeIn {
    from {
        opacity: 0
    }

    to {
        opacity: 1
    }
}

* {
    --zh6im6-0: initial;
    --zh6im6-1: ;
}

:hover {
    --zh6im6-0: ;--zh6im6-1:initial;
}"
`;
